2019-03-15 10:34:50,611:DEBUG:Add: 20 + 10 = 30
2019-03-15 10:34:50,612:DEBUG:Sub: 20 - 10 = 10
2019-03-15 10:34:50,612:DEBUG:Mul: 20 * 10 = 200
2019-03-15 10:34:50,613:DEBUG:Div: 20 / 10 = 2.0
2019-03-15 10:35:55,620:DEBUG:Add: 20 + 10 = 30
2019-03-15 10:35:55,621:DEBUG:Sub: 20 - 10 = 10
2019-03-15 10:35:55,621:DEBUG:Mul: 20 * 10 = 200
2019-03-15 10:35:55,621:DEBUG:Div: 20 / 10 = 2.0
2019-03-15 10:36:56,727:DEBUG:Add: 20 + 10 = None
2019-03-15 10:36:56,727:DEBUG:Sub: 20 - 10 = 10
2019-03-15 10:36:56,727:DEBUG:Mul: 20 * 10 = 200
2019-03-15 10:36:56,728:DEBUG:Div: 20 / 10 = 2.0
2019-03-15 10:39:43,319:DEBUG:Add: 20 + 10 = 30
2019-03-15 10:39:43,323:DEBUG:Sub: 20 - 10 = 10
2019-03-15 10:39:43,323:DEBUG:Mul: 20 * 10 = 200
2019-03-15 10:39:43,324:DEBUG:Div: 20 / 10 = 2.0
